// Jest Snapshot v1, https://goo.gl/fbAQLP

exports[`classed should match with snapshot when used classed-components 1`] = `"<div class=\\"h-full flex flex-col\\"><div class=\\"text-gray-500 text-center text-xs py-2 border-b\\">Choose a ride, or swipe up for more</div><div class=\\"flex flex-col flex-1 overflow-scroll\\"><div class=\\"border-2 flex p-3 m-2 items-center border-black\\" selected=\\"true\\"><img src=\\"https://via.placeholder.com/100\\" class=\\"flex justify-center align-center rounded shadow-md h-14\\"><span class=\\"text-gray-500 text-xs py-2 text-center\\">Car 1</span></div><div class=\\"border-2 flex p-3 m-2 items-center border-white\\"><img src=\\"https://via.placeholder.com/100\\" class=\\"flex justify-center align-center rounded shadow-md h-14\\"><span class=\\"text-gray-500 text-xs py-2 text-center\\">Car 2</span></div></div></div>"`;
